[0] -> Backstage passes to a TAFKAL80ETC concert, 19, 21
